
C:\Users\khush\OneDrive\Desktop\backend\Imaginex\client\src\features\admin\adminSlice.js
  108:14  error  Unexpected empty object pattern  no-empty-pattern

C:\Users\khush\OneDrive\Desktop\backend\Imaginex\client\src\features\post\postSlice.js
  107:14  error  Unexpected empty object pattern  no-empty-pattern

C:\Users\khush\OneDrive\Desktop\backend\Imaginex\client\src\hooks\useAdminStatus.jsx
  14:25  error  Error: Calling setState synchronously within an effect can trigger cascading renders

Effects are intended to synchronize state between React and external systems such as manually updating the DOM, state management libraries, or other platform APIs. In general, the body of an effect should do one or both of the following:
* Update external systems with the latest state from React.
* Subscribe for updates from some external system, calling setState in a callback function when external state changes.

Calling setState synchronously within an effect body causes cascading renders that can hurt performance, and is not recommended. (https://react.dev/learn/you-might-not-need-an-effect).

  12 |     useEffect(() => {
  13 |
> 14 |         user?.isAdmin ? setIsAdmin(true) : setIsAdmin(false)
     |                         ^^^^^^^^^^ Avoid calling setState() directly within an effect
  15 |         setCheckingStatus(false)
  16 |
  17 |     }, [user])  react-hooks/set-state-in-effect

C:\Users\khush\OneDrive\Desktop\backend\Imaginex\client\src\hooks\useAuthStatus.jsx
  14:16  error  Error: Calling setState synchronously within an effect can trigger cascading renders

Effects are intended to synchronize state between React and external systems such as manually updating the DOM, state management libraries, or other platform APIs. In general, the body of an effect should do one or both of the following:
* Update external systems with the latest state from React.
* Subscribe for updates from some external system, calling setState in a callback function when external state changes.

Calling setState synchronously within an effect body causes cascading renders that can hurt performance, and is not recommended. (https://react.dev/learn/you-might-not-need-an-effect).

  12 |     useEffect(() => {
  13 |
> 14 |         user ? setIsAuthenticated(true) : setIsAuthenticated(false)
     |                ^^^^^^^^^^^^^^^^^^ Avoid calling setState() directly within an effect
  15 |         setCheckingStatus(false)
  16 |
  17 |     }, [user])  react-hooks/set-state-in-effect

C:\Users\khush\OneDrive\Desktop\backend\Imaginex\client\src\pages\PostDetail.jsx
  17:47  error  Error: Cannot call impure function during render

`Math.random` is an impure function. Calling an impure function can produce unstable results that update unpredictably when the component happens to re-render. (https://react.dev/reference/rules/components-and-hooks-must-be-pure#components-and-hooks-must-be-idempotent).

  15 |   const [text, setText] = useState("")
  16 |   // Generate seed once
> 17 |   const seed = React.useMemo(() => Math.floor(Math.random() * 999999999), [])
     |                                               ^^^^^^^^^^^^^ Cannot call impure function
  18 |
  19 |
  20 |   const { post, postLoading, postSucess, postError, postErrorMessage } = useSelector(state => state.post)  react-hooks/purity

Γ£û 5 problems (5 errors, 0 warnings)

